test.ghul: 11,1..11,11: error: indexer is read-only in int[]
test.ghul: 14,1..14,8: error: 0: int is not publicly assignable
test.ghul: 17,1..17,11: error: THING.name: string is not publicly assignable
test.ghul: 20,11..20,14: error: member add not found in List[string]
test.ghul: 8,1..8,6: error: top-level value cannot be reassigned
